// Jest Snapshot v1, https://goo.gl/fbAQLP

exports[`Match Card Snapshot 1`] = `
<div
  className="sc-dlnjwi ilWMHm"
  data-testid="card"
>
  <h1
    className="sc-bdnxRM fxAJjl"
    data-testid="heading-1"
  >
    AbsensiApp
  </h1>
  <ul>
    <li>
      <h1
        className="sc-gtsrHT fOnSCr"
        data-testid="sub-heading"
      >
        fadlimuharram
      </h1>
    </li>
    <li>
      <h1
        className="sc-gtsrHT fOnSCr"
        data-testid="sub-heading"
      >
        Javascript
      </h1>
    </li>
    <li>
      <h1
        className="sc-gtsrHT fOnSCr"
        data-testid="sub-heading"
      >
        Master
      </h1>
    </li>
    <li>
      <a
        href="https://api.github.com/repos/fadlimuharram/AbsensiApp"
        target="__blank"
      >
        <h1
          className="sc-gtsrHT fOnSCr"
          data-testid="sub-heading"
        >
          Link
        </h1>
      </a>
    </li>
  </ul>
</div>
`;
